// Jest Snapshot v1, https://goo.gl/fbAQLP

exports[`Footer Expect component to render properly 1`] = `
ShallowWrapper {
  Symbol(enzyme.__root__): [Circular],
  Symbol(enzyme.__unrendered__): <Footer
    classes={
        Object {
            "footer": "/test-footer",
          }
    }
/>,
  Symbol(enzyme.__renderer__): Object {
    "batchedUpdates": [Function],
    "getNode": [Function],
    "render": [Function],
    "simulateError": [Function],
    "simulateEvent": [Function],
    "unmount": [Function],
  },
  Symbol(enzyme.__node__): Object {
    "instance": null,
    "key": undefined,
    "nodeType": "host",
    "props": Object {
      "children": <WithStyles(Typography)
        align="center"
        gutterBottom={true}
        variant="title"
>
        © Navis Software 2018
</WithStyles(Typography)>,
      "className": "/test-footer",
    },
    "ref": null,
    "rendered": Object {
      "instance": null,
      "key": undefined,
      "nodeType": "class",
      "props": Object {
        "align": "center",
        "children": "© Navis Software 2018",
        "gutterBottom": true,
        "variant": "title",
      },
      "ref": null,
      "rendered": "© Navis Software 2018",
      "type": [Function],
    },
    "type": "footer",
  },
  Symbol(enzyme.__nodes__): Array [
    Object {
      "instance": null,
      "key": undefined,
      "nodeType": "host",
      "props": Object {
        "children": <WithStyles(Typography)
          align="center"
          gutterBottom={true}
          variant="title"
>
          © Navis Software 2018
</WithStyles(Typography)>,
        "className": "/test-footer",
      },
      "ref": null,
      "rendered": Object {
        "instance": null,
        "key": undefined,
        "nodeType": "class",
        "props": Object {
          "align": "center",
          "children": "© Navis Software 2018",
          "gutterBottom": true,
          "variant": "title",
        },
        "ref": null,
        "rendered": "© Navis Software 2018",
        "type": [Function],
      },
      "type": "footer",
    },
  ],
  Symbol(enzyme.__options__): Object {
    "adapter": ReactSixteenAdapter {
      "options": Object {
        "enableComponentDidUpdateOnSetState": true,
        "lifecycles": Object {
          "componentDidUpdate": Object {
            "onSetState": true,
          },
          "getDerivedStateFromProps": true,
          "getSnapshotBeforeUpdate": true,
          "setState": Object {
            "skipsComponentDidUpdateOnNullish": true,
          },
        },
      },
    },
    "attachTo": undefined,
    "hydrateIn": undefined,
  },
}
`;
