// Jest Snapshot v1, https://goo.gl/fbAQLP

exports[`SagaPage Expect component to render properly 1`] = `
ShallowWrapper {
  Symbol(enzyme.__root__): [Circular],
  Symbol(enzyme.__unrendered__): <SagaPage
    getSagaTest={[Function]}
    sagaTest=""
/>,
  Symbol(enzyme.__renderer__): Object {
    "batchedUpdates": [Function],
    "getNode": [Function],
    "render": [Function],
    "simulateError": [Function],
    "simulateEvent": [Function],
    "unmount": [Function],
  },
  Symbol(enzyme.__node__): Object {
    "instance": null,
    "key": undefined,
    "nodeType": "host",
    "props": Object {
      "children": Array [
        <h3>
          Saga Example
</h3>,
        <p>
          Test: 
</p>,
        <button
          data-id="sagaTestButton"
          onClick={[Function]}
          type="button"
>
          Test Saga
</button>,
      ],
    },
    "ref": null,
    "rendered": Array [
      Object {
        "instance": null,
        "key": undefined,
        "nodeType": "host",
        "props": Object {
          "children": "Saga Example",
        },
        "ref": null,
        "rendered": "Saga Example",
        "type": "h3",
      },
      Object {
        "instance": null,
        "key": undefined,
        "nodeType": "host",
        "props": Object {
          "children": "Test: ",
        },
        "ref": null,
        "rendered": "Test: ",
        "type": "p",
      },
      Object {
        "instance": null,
        "key": undefined,
        "nodeType": "host",
        "props": Object {
          "children": "Test Saga",
          "data-id": "sagaTestButton",
          "onClick": [Function],
          "type": "button",
        },
        "ref": null,
        "rendered": "Test Saga",
        "type": "button",
      },
    ],
    "type": "div",
  },
  Symbol(enzyme.__nodes__): Array [
    Object {
      "instance": null,
      "key": undefined,
      "nodeType": "host",
      "props": Object {
        "children": Array [
          <h3>
            Saga Example
</h3>,
          <p>
            Test: 
</p>,
          <button
            data-id="sagaTestButton"
            onClick={[Function]}
            type="button"
>
            Test Saga
</button>,
        ],
      },
      "ref": null,
      "rendered": Array [
        Object {
          "instance": null,
          "key": undefined,
          "nodeType": "host",
          "props": Object {
            "children": "Saga Example",
          },
          "ref": null,
          "rendered": "Saga Example",
          "type": "h3",
        },
        Object {
          "instance": null,
          "key": undefined,
          "nodeType": "host",
          "props": Object {
            "children": "Test: ",
          },
          "ref": null,
          "rendered": "Test: ",
          "type": "p",
        },
        Object {
          "instance": null,
          "key": undefined,
          "nodeType": "host",
          "props": Object {
            "children": "Test Saga",
            "data-id": "sagaTestButton",
            "onClick": [Function],
            "type": "button",
          },
          "ref": null,
          "rendered": "Test Saga",
          "type": "button",
        },
      ],
      "type": "div",
    },
  ],
  Symbol(enzyme.__options__): Object {
    "adapter": ReactSixteenAdapter {
      "options": Object {
        "enableComponentDidUpdateOnSetState": true,
        "lifecycles": Object {
          "componentDidUpdate": Object {
            "onSetState": true,
          },
          "getDerivedStateFromProps": true,
          "getSnapshotBeforeUpdate": true,
          "setState": Object {
            "skipsComponentDidUpdateOnNullish": true,
          },
        },
      },
    },
    "attachTo": undefined,
    "hydrateIn": undefined,
  },
}
`;
